// Jest Snapshot v1, https://goo.gl/fbAQLP

exports[`PhotographsContainer renders correctly 1`] = `
<DocumentFragment>
  <div
    class="mainContainer-0-2-1"
  >
    <div
      class="photosContainer-0-2-3"
    />
    <div
      class="button-0-2-4"
    >
      <button
        class="mainContainer-0-2-5"
        style="transform: perspective(600px) rotateX(0deg) rotateY(0deg) scale(1);"
      >
        Explore more images
      </button>
    </div>
  </div>
</DocumentFragment>
`;
