// Jest Snapshot v1, https://goo.gl/fbAQLP

exports[`Contact renders correctly 1`] = `
<DocumentFragment>
  <div
    class="mainContainer-0-2-7"
    name="Contact"
  >
    <div
      class="header-0-2-1"
    >
      <div
        style="opacity: 0; transform: translate3d(0,20px,0);"
      >
        <h2
          class="h2Text-0-2-8"
        >
          Contact
        </h2>
      </div>
    </div>
    <div
      class="contactUsContainer-0-2-5"
    >
      <div
        class="formContainer-0-2-2"
      >
        <form
          class="form-0-2-9"
        >
          <input
            class="smallInputField-0-2-10"
            name="name"
            placeholder="Your Name"
            type="text"
            value=""
          />
          <input
            class="smallInputField-0-2-10"
            name="email"
            placeholder="Email address"
            type="email"
            value=""
          />
          <input
            class="smallInputField-0-2-10"
            name="subject"
            placeholder="Subject"
            type="text"
            value=""
          />
          <textarea
            class="smallInputField-0-2-10 textArea-0-2-11"
            name="message"
            placeholder="Type your message here."
          />
          <div
            class="buttonContainer-0-2-12"
          >
            <div>
              <button
                class="mainContainer-0-2-18"
                style="transform: perspective(600px) rotateX(0deg) rotateY(0deg) scale(1);"
              >
                Send Message
              </button>
              <div
                class="emailTextContainer-0-2-13"
              >
                Don't like forms? Send me an
                <span
                  class="email-0-2-14"
                >
                  Email
                </span>
              </div>
            </div>
          </div>
        </form>
      </div>
      <div
        class="mapContainer-0-2-3"
      >
        <div
          class="sc-bdfBwQ fOWfBg"
        >
          <div
            style="position: relative; width: 100vw; height: 65vh; cursor: grab; outline: none;"
            tabindex="0"
          >
            <div
              style="position: relative; width: 100%; height: 100%;"
            >
              <div
                class=""
                style="position: absolute; width: 100%; height: 100%; overflow: hidden; visibility: inherit;"
              />
            </div>
          </div>
        </div>
      </div>
    </div>
  </div>
</DocumentFragment>
`;
