// Jest Snapshot v1, https://goo.gl/fbAQLP

exports[`FormContainer renders correctly 1`] = `
<DocumentFragment>
  <form
    class="form-0-2-1"
  >
    <input
      class="smallInputField-0-2-2"
      name="name"
      placeholder="Your Name"
      type="text"
      value=""
    />
    <input
      class="smallInputField-0-2-2"
      name="email"
      placeholder="Email address"
      type="email"
      value=""
    />
    <input
      class="smallInputField-0-2-2"
      name="subject"
      placeholder="Subject"
      type="text"
      value=""
    />
    <textarea
      class="smallInputField-0-2-2 textArea-0-2-3"
      name="message"
      placeholder="Type your message here."
    />
    <div
      class="buttonContainer-0-2-4"
    >
      <div>
        <button
          class="mainContainer-0-2-10"
          style="transform: perspective(600px) rotateX(0deg) rotateY(0deg) scale(1);"
        >
          Send Message
        </button>
        <div
          class="emailTextContainer-0-2-5"
        >
          Don't like forms? Send me an
          <span
            class="email-0-2-6"
          >
            Email
          </span>
        </div>
      </div>
    </div>
  </form>
</DocumentFragment>
`;
