// Jest Snapshot v1, https://goo.gl/fbAQLP

exports[`About renders correctly 1`] = `
<DocumentFragment>
  <div
    name="About"
  >
    <div
      class="header-0-2-1"
    >
      <div
        style="opacity: 0; transform: translate3d(0,20px,0);"
      >
        <h2
          class="h2Text-0-2-7"
        >
          About
        </h2>
      </div>
      <div
        style="opacity: 0; transform: translate3d(0,20px,0);"
      >
        <h2
          class="h2Text-0-2-7"
        >
          Me
        </h2>
      </div>
    </div>
    <div
      class="aboutContainer-0-2-5"
    >
      <div
        class="avatar-0-2-2"
      >
        <div
          style="transform: perspective(600px) rotateX(0deg) rotateY(0deg) scale(1);"
        >
          <img
            alt="Avatar"
            class="mainContainer-0-2-8"
          />
        </div>
      </div>
      <div
        class="aboutInfo-0-2-3"
      >
        <div
          class="mainContainer-0-2-9"
        >
          <div
            class="triangleContainer-0-2-18"
          >
            <div
              class="triangle-0-2-19"
            />
          </div>
          <div
            class="descriptionParentContainer-0-2-22"
          >
            <div
              class="descriptionContainer-0-2-10"
            >
              <div
                class="description-0-2-12"
              >
                I am Shaikh Zeeshan Murshed, Front-End developer from Montreal, Canada. I have experience in making Website. Also I am a hobbyist photographer.
              </div>
              <div
                class="button-0-2-14"
              >
                <button
                  class="mainContainer-0-2-24"
                  style="transform: perspective(600px) rotateX(0deg) rotateY(0deg) scale(1);"
                >
                  Download My CV
                </button>
              </div>
            </div>
            <div
              class="skillsInfoContainer-0-2-16"
            />
          </div>
        </div>
      </div>
    </div>
  </div>
</DocumentFragment>
`;
