// Jest Snapshot v1, https://goo.gl/fbAQLP

exports[`About renders correctly 1`] = `
<DocumentFragment>
  <div
    name="About"
  >
    <div
      class="header-0-2-1"
    >
      <div
        style="opacity: 0; transform: translate3d(0,20px,0);"
      >
        <h2
          class="h2Text-0-2-7"
        >
          About
        </h2>
      </div>
      <div
        style="opacity: 0; transform: translate3d(0,20px,0);"
      >
        <h2
          class="h2Text-0-2-7"
        >
          Me
        </h2>
      </div>
    </div>
    <div
      class="aboutContainer-0-2-5"
    >
      <div
        class="avatar-0-2-2"
      >
        <div
          style="transform: perspective(600px) rotateX(0deg) rotateY(0deg) scale(1);"
        >
          <img
            alt="Avatar"
            class="mainContainer-0-2-8"
            src="https://lh3.googleusercontent.com/pw/ACtC-3fkT2wC_oB8Y4Fo48qOW6acvyLmAhr7NoFlLzb1Vnh-5qY_FDc_1ktlCP42JrwK5_TpT6PyAJZ18v63iAk-hIGQ6xnQEDw1agvzeGw_U8j-RN6ipnl6Z-1bHyfdL8jbLAXmXPJRNaGN1Qi6oq0k-6ntEQ=w800-h741-no"
          />
        </div>
      </div>
      <div
        class="aboutInfo-0-2-3"
      >
        <div
          class="mainContainer-0-2-9"
        >
          <div
            class="triangleContainer-0-2-16"
          >
            <div
              class="triangle-0-2-17"
            />
          </div>
          <div
            class="descriptionContainer-0-2-10"
          >
            <div
              class="description-0-2-11"
            >
              I am Shaikh Zeeshan Murshed, Front-End developer from Montreal, Canada. I have experience in making Website. Also I am a hobbyist photographer.
            </div>
            <div
              class="button-0-2-13"
            >
              <button
                class="mainContainer-0-2-20"
                style="transform: perspective(600px) rotateX(0deg) rotateY(0deg) scale(1);"
              >
                Download My CV
              </button>
            </div>
          </div>
          <div
            class="skillsInfoContainer-0-2-15"
          >
            <div
              class="progressBarParent-0-2-25"
            >
              <div
                class="description-0-2-22"
              >
                <h3>
                  React
                </h3>
                <h3>
                  80%
                </h3>
              </div>
              <div
                class="progressBarContainer-0-2-23"
              >
                <div
                  class="progressBar-0-2-24 progressBar-d0-0-2-26"
                />
              </div>
            </div>
            <div
              class="progressBarParent-0-2-25"
            >
              <div
                class="description-0-2-22"
              >
                <h3>
                  Typescript
                </h3>
                <h3>
                  75%
                </h3>
              </div>
              <div
                class="progressBarContainer-0-2-23"
              >
                <div
                  class="progressBar-0-2-24 progressBar-d1-0-2-27"
                />
              </div>
            </div>
            <div
              class="progressBarParent-0-2-25"
            >
              <div
                class="description-0-2-22"
              >
                <h3>
                  Redux
                </h3>
                <h3>
                  75%
                </h3>
              </div>
              <div
                class="progressBarContainer-0-2-23"
              >
                <div
                  class="progressBar-0-2-24 progressBar-d2-0-2-28"
                />
              </div>
            </div>
            <div
              class="progressBarParent-0-2-25"
            >
              <div
                class="description-0-2-22"
              >
                <h3>
                  Photography
                </h3>
                <h3>
                  70%
                </h3>
              </div>
              <div
                class="progressBarContainer-0-2-23"
              >
                <div
                  class="progressBar-0-2-24 progressBar-d3-0-2-29"
                />
              </div>
            </div>
          </div>
        </div>
      </div>
    </div>
  </div>
</DocumentFragment>
`;
