// Jest Snapshot v1, https://goo.gl/fbAQLP

exports[`AboutInfo renders correctly 1`] = `
<DocumentFragment>
  <div
    class="mainContainer-0-2-1"
  >
    <div
      class="triangleContainer-0-2-8"
    >
      <div
        class="triangle-0-2-9"
      />
    </div>
    <div
      class="descriptionContainer-0-2-2"
    >
      <div
        class="description-0-2-3"
      >
        I am Shaikh Zeeshan Murshed, Front-End developer from Montreal, Canada. I have experience in making Website. Also I am a hobbyist photographer.
      </div>
      <div
        class="button-0-2-5"
      >
        <button
          class="mainContainer-0-2-12"
          style="transform: perspective(600px) rotateX(0deg) rotateY(0deg) scale(1);"
        >
          Download My CV
        </button>
      </div>
    </div>
    <div
      class="skillsInfoContainer-0-2-7"
    />
  </div>
</DocumentFragment>
`;
