// Jest Snapshot v1, https://goo.gl/fbAQLP

exports[`Education renders correctly 1`] = `
<DocumentFragment>
  <div
    class="mainContainer-0-2-1"
    name="Education"
  >
    <div
      class="header-0-2-2"
    >
      <div
        style="opacity: 0; transform: translate3d(0,20px,0);"
      >
        <h2
          class="h2Text-0-2-6"
        >
          Education
        </h2>
      </div>
    </div>
    <div
      class="informationBarContainerParent-0-2-3"
    >
      <div
        class="informationBarContainer-0-2-4"
      >
        <div
          class="mainContainer-0-2-7"
        >
          <div
            class="iconContainer-0-2-8"
          >
            <svg
              color="#FF4C60"
              fill="currentColor"
              height="30"
              size="30"
              stroke="currentColor"
              stroke-width="0"
              style="color: rgb(255, 76, 96);"
              viewBox="0 0 512 512"
              width="30"
              xmlns="http://www.w3.org/2000/svg"
            >
              <path
                d="M113.5 281.2v85.3L256 448l142.5-81.5v-85.3L256 362.7l-142.5-81.5zM256 64L32 192l224 128 183.3-104.7v147.4H480V192L256 64z"
              />
            </svg>
          </div>
          <div
            class="descriptionContainer-0-2-9"
          >
            <div
              class="durationContainer-0-2-10"
            >
              April, 2019-May, 2019
            </div>
            <h2>
              DecodeMtl(Concordia Bootcamp)
            </h2>
            <div>
              I attend DecodeMtl coding bootcamp. Intensive full stack web development bootcamp where I gathered knowledge about React, Redux, Node, Express. For project, I worked in a team of four member including me. Together we build a meal delivery website, for more information kindly look in to may github or linkedIn
            </div>
          </div>
        </div>
        <div
          class="mainContainer-0-2-7"
        >
          <div
            class="iconContainer-0-2-8"
          >
            <svg
              color="#FF4C60"
              fill="currentColor"
              height="30"
              size="30"
              stroke="currentColor"
              stroke-width="0"
              style="color: rgb(255, 76, 96);"
              viewBox="0 0 512 512"
              width="30"
              xmlns="http://www.w3.org/2000/svg"
            >
              <path
                d="M113.5 281.2v85.3L256 448l142.5-81.5v-85.3L256 362.7l-142.5-81.5zM256 64L32 192l224 128 183.3-104.7v147.4H480V192L256 64z"
              />
            </svg>
          </div>
          <div
            class="descriptionContainer-0-2-9"
          >
            <div
              class="durationContainer-0-2-10"
            >
              2016-2018
            </div>
            <h2>
              Concordia University
            </h2>
            <div>
              I have completed my Master's of Engineering from Concordia University in Electrical and Computer Engineering. Where I gathered information about how computer hardware work in cpu level, model driven architecture, signal processing, digital communication and so on.
            </div>
          </div>
        </div>
        <div
          class="mainContainer-0-2-7"
        >
          <div
            class="iconContainer-0-2-8"
          >
            <svg
              color="#FF4C60"
              fill="currentColor"
              height="30"
              size="30"
              stroke="currentColor"
              stroke-width="0"
              style="color: rgb(255, 76, 96);"
              viewBox="0 0 512 512"
              width="30"
              xmlns="http://www.w3.org/2000/svg"
            >
              <path
                d="M113.5 281.2v85.3L256 448l142.5-81.5v-85.3L256 362.7l-142.5-81.5zM256 64L32 192l224 128 183.3-104.7v147.4H480V192L256 64z"
              />
            </svg>
          </div>
          <div
            class="descriptionContainer-0-2-9"
          >
            <div
              class="durationContainer-0-2-10"
            >
              2011-2015
            </div>
            <h2>
              Narula Institute of Technology(India)
            </h2>
            <div>
              I have completed my Bachelor's of Technology in Electronics and Communication Engineering, learned about analogue signal,digital signal, basics of solid states, wireless communication, digital communication and so on.
            </div>
          </div>
        </div>
      </div>
    </div>
  </div>
</DocumentFragment>
`;
